初始化 TTS 引擎 (kokoro:en)...
[Kokoro] All required files for en are ready in /home/spacemit/projects/kokoro-tts/spacemit/model-zoo-tts/.case-home/.cache/models/tts/kokoro-tts/kokoro-v1.0-en
[KokoroVoiceManager] Loaded voice: /home/spacemit/projects/kokoro-tts/spacemit/model-zoo-tts/.case-home/.cache/models/tts/kokoro-tts/kokoro-v1.0-en/voices/af_heart.bin (510 style vectors)
[Kokoro] SpaceMIT EP initialized (ep_threads=2, affinity=8;10)
[Kokoro] Provider: spacemit
[0;93m2026-08-25 18:07:36.031467083 [W:onnxruntime:KokoroBackend, compiler_depend.ts:330 IsNodeSupported] operator /encoder/F0.1/upsample/Resize [Resize] has been disabled.[m
[0;93m2026-08-25 18:07:36.031945808 [W:onnxruntime:KokoroBackend, compiler_depend.ts:330 IsNodeSupported] operator /decoder/decoder/generator/f0_upsamp/Resize [Resize] has been disabled.[m
[0;93m2026-08-25 18:07:36.032029637 [W:onnxruntime:KokoroBackend, compiler_depend.ts:330 IsNodeSupported] operator /decoder/decoder/generator/m_source/l_sin_gen/Resize [Resize] has been disabled.[m
[0;93m2026-08-25 18:07:36.032122799 [W:onnxruntime:KokoroBackend, compiler_depend.ts:330 IsNodeSupported] operator /decoder/decoder/generator/m_source/l_sin_gen/Resize_1 [Resize] has been disabled.[m
[0;93m2026-08-25 18:07:36.034538175 [W:onnxruntime:KokoroBackend, compiler_depend.ts:330 IsNodeSupported] operator /encoder/N.1/upsample/Resize [Resize] has been disabled.[m
[0;93m2026-08-25 18:07:36.038025078 [W:onnxruntime:KokoroBackend, compiler_depend.ts:330 IsNodeSupported] operator /decoder/decoder/decode.3/upsample/Resize [Resize] has been disabled.[m
[0;93m2026-08-25 18:07:36.049889383 [W:onnxruntime:KokoroBackend, compiler_depend.ts:330 IsNodeSupported] operator /decoder/decoder/generator/conv_post/Conv [Conv] has been disabled.[m
[0;93m2026-08-25 18:07:36.050314236 [W:onnxruntime:KokoroBackend, compiler_depend.ts:330 IsNodeSupported] operator /decoder/decoder/generator/istft/stft/ConvTranspose [ConvTranspose] has been disabled.[m
[0;93m2026-08-25 18:07:36.187034768 [W:onnxruntime:KokoroBackend, compiler_depend.ts:330 IsNodeSupported] operator /encoder/F0.1/upsample/Resize [Resize] has been disabled.[m
[0;93m2026-08-25 18:07:36.188109255 [W:onnxruntime:KokoroBackend, compiler_depend.ts:330 IsNodeSupported] operator /encoder/N.1/upsample/Resize [Resize] has been disabled.[m
[0;93m2026-08-25 18:07:36.190530380 [W:onnxruntime:KokoroBackend, compiler_depend.ts:330 IsNodeSupported] operator /decoder/decoder/decode.3/upsample/Resize [Resize] has been disabled.[m
[0;93m2026-08-25 18:07:36.191006064 [W:onnxruntime:KokoroBackend, compiler_depend.ts:330 IsNodeSupported] operator /decoder/decoder/generator/f0_upsamp/Resize [Resize] has been disabled.[m
[0;93m2026-08-25 18:07:36.191078727 [W:onnxruntime:KokoroBackend, compiler_depend.ts:330 IsNodeSupported] operator /decoder/decoder/generator/m_source/l_sin_gen/Resize [Resize] has been disabled.[m
[0;93m2026-08-25 18:07:36.191193846 [W:onnxruntime:KokoroBackend, compiler_depend.ts:330 IsNodeSupported] operator /decoder/decoder/generator/m_source/l_sin_gen/Resize_1 [Resize] has been disabled.[m
[0;93m2026-08-25 18:07:36.204857516 [W:onnxruntime:KokoroBackend, compiler_depend.ts:330 IsNodeSupported] operator /decoder/decoder/generator/conv_post/Conv [Conv] has been disabled.[m
[0;93m2026-08-25 18:07:36.205298493 [W:onnxruntime:KokoroBackend, compiler_depend.ts:330 IsNodeSupported] operator /decoder/decoder/generator/istft/stft/ConvTranspose [ConvTranspose] has been disabled.[m
[KokoroPhonemizer] Using cpp-pinyin dictionary at: /home/spacemit/projects/kokoro-tts/spacemit/model-zoo-tts/.case-home/.cache/thirdparty/cpp-pinyin/res/dict
[KokoroPhonemizer] cpp-pinyin initialized successfully.
[KokoroPhonemizer] espeak-ng detected, English support enabled.
[KokoroPhonemizer] English lexicon: gold=90201 silver=93361
[Kokoro] Warming up model...
[Kokoro] Model warmed up in 7101ms (1 runs, 66 tokens)
[Kokoro] Backend initialized successfully (kokoro-en)
引擎: Kokoro-TTS (kokoro-en)
采样率: 24000 Hz
说话人数: 1

合成中: "This is a spacemit K3 Kokoro core binding test."
采样率: 24000 Hz
时长: 3850 ms
处理时间: 2470 ms
RTF: 0.641558
已保存: core2-en-short.wav
