初始化 TTS 引擎 (kokoro:en)...
[Kokoro] All required files for en are ready in /home/spacemit/projects/kokoro-tts/spacemit/model-zoo-tts/.case-home/.cache/models/tts/kokoro-tts/kokoro-v1.0-en
[KokoroVoiceManager] Loaded voice: /home/spacemit/projects/kokoro-tts/spacemit/model-zoo-tts/.case-home/.cache/models/tts/kokoro-tts/kokoro-v1.0-en/voices/af_heart.bin (510 style vectors)
[Kokoro] SpaceMIT EP initialized (ep_threads=8)
[Kokoro] Provider: spacemit
[KokoroPhonemizer] Using cpp-pinyin dictionary at: /home/spacemit/projects/kokoro-tts/spacemit/model-zoo-tts/.case-home/.cache/thirdparty/cpp-pinyin/res/dict
[KokoroPhonemizer] cpp-pinyin initialized successfully.
[KokoroPhonemizer] espeak-ng detected, English support enabled.
[KokoroPhonemizer] English lexicon: gold=90201 silver=93361
[Kokoro] Warming up model...
[Kokoro] Model warmed up in 4926ms (1 runs, 66 tokens)
[Kokoro] Backend initialized successfully (kokoro-en)
引擎: Kokoro-TTS (kokoro-en)
采样率: 24000 Hz
说话人数: 1

合成中: "This is a spacemit k3 kokoro performance test."
采样率: 24000 Hz
时长: 3625 ms
处理时间: 1229 ms
RTF: 0.339034
已保存: final-continue-en.wav
