===== lang=en threads=8 affinity=8;9;10;11;12;13;14;15 2026-08-25T16:42:03+08:00 =====
初始化 TTS 引擎 (kokoro:en)...
[Kokoro] All required files for en are ready in /home/spacemit/projects/kokoro-tts/spacemit/model-zoo-tts/.case-home/.cache/models/tts/kokoro-tts/kokoro-v1.0-en
[KokoroVoiceManager] Loaded voice: /home/spacemit/projects/kokoro-tts/spacemit/model-zoo-tts/.case-home/.cache/models/tts/kokoro-tts/kokoro-v1.0-en/voices/af_heart.bin (510 style vectors)
[Kokoro] SpaceMIT EP initialized (ep_threads=8)
[Kokoro] Provider: spacemit
[0;93m2026-08-25 16:42:04.163764757 [W:onnxruntime:KokoroBackend, compiler_depend.ts:330 IsNodeSupported] operator /encoder/F0.1/upsample/Resize [Resize] has been disabled.[m
[0;93m2026-08-25 16:42:04.164219817 [W:onnxruntime:KokoroBackend, compiler_depend.ts:330 IsNodeSupported] operator /decoder/decoder/generator/f0_upsamp/Resize [Resize] has been disabled.[m
[0;93m2026-08-25 16:42:04.164280188 [W:onnxruntime:KokoroBackend, compiler_depend.ts:330 IsNodeSupported] operator /decoder/decoder/generator/m_source/l_sin_gen/Resize [Resize] has been disabled.[m
[0;93m2026-08-25 16:42:04.164373017 [W:onnxruntime:KokoroBackend, compiler_depend.ts:330 IsNodeSupported] operator /decoder/decoder/generator/m_source/l_sin_gen/Resize_1 [Resize] has been disabled.[m
[0;93m2026-08-25 16:42:04.166668230 [W:onnxruntime:KokoroBackend, compiler_depend.ts:330 IsNodeSupported] operator /encoder/N.1/upsample/Resize [Resize] has been disabled.[m
[0;93m2026-08-25 16:42:04.170046886 [W:onnxruntime:KokoroBackend, compiler_depend.ts:330 IsNodeSupported] operator /decoder/decoder/decode.3/upsample/Resize [Resize] has been disabled.[m
[0;93m2026-08-25 16:42:04.181620113 [W:onnxruntime:KokoroBackend, compiler_depend.ts:330 IsNodeSupported] operator /decoder/decoder/generator/conv_post/Conv [Conv] has been disabled.[m
[0;93m2026-08-25 16:42:04.182035549 [W:onnxruntime:KokoroBackend, compiler_depend.ts:330 IsNodeSupported] operator /decoder/decoder/generator/istft/stft/ConvTranspose [ConvTranspose] has been disabled.[m
[0;93m2026-08-25 16:42:04.307537218 [W:onnxruntime:KokoroBackend, compiler_depend.ts:330 IsNodeSupported] operator /encoder/F0.1/upsample/Resize [Resize] has been disabled.[m
[0;93m2026-08-25 16:42:04.308630078 [W:onnxruntime:KokoroBackend, compiler_depend.ts:330 IsNodeSupported] operator /encoder/N.1/upsample/Resize [Resize] has been disabled.[m
[0;93m2026-08-25 16:42:04.311055742 [W:onnxruntime:KokoroBackend, compiler_depend.ts:330 IsNodeSupported] operator /decoder/decoder/decode.3/upsample/Resize [Resize] has been disabled.[m
[0;93m2026-08-25 16:42:04.311539842 [W:onnxruntime:KokoroBackend, compiler_depend.ts:330 IsNodeSupported] operator /decoder/decoder/generator/f0_upsamp/Resize [Resize] has been disabled.[m
[0;93m2026-08-25 16:42:04.311606672 [W:onnxruntime:KokoroBackend, compiler_depend.ts:330 IsNodeSupported] operator /decoder/decoder/generator/m_source/l_sin_gen/Resize [Resize] has been disabled.[m
[0;93m2026-08-25 16:42:04.311705375 [W:onnxruntime:KokoroBackend, compiler_depend.ts:330 IsNodeSupported] operator /decoder/decoder/generator/m_source/l_sin_gen/Resize_1 [Resize] has been disabled.[m
[0;93m2026-08-25 16:42:04.325182876 [W:onnxruntime:KokoroBackend, compiler_depend.ts:330 IsNodeSupported] operator /decoder/decoder/generator/conv_post/Conv [Conv] has been disabled.[m
[0;93m2026-08-25 16:42:04.325632603 [W:onnxruntime:KokoroBackend, compiler_depend.ts:330 IsNodeSupported] operator /decoder/decoder/generator/istft/stft/ConvTranspose [ConvTranspose] has been disabled.[m
[KokoroPhonemizer] Using cpp-pinyin dictionary at: /home/spacemit/projects/kokoro-tts/spacemit/model-zoo-tts/.case-home/.cache/thirdparty/cpp-pinyin/res/dict
[KokoroPhonemizer] cpp-pinyin initialized successfully.
[KokoroPhonemizer] espeak-ng detected, English support enabled.
[KokoroPhonemizer] English lexicon: gold=90201 silver=93361
[Kokoro] Warming up model...
[Kokoro] Model warmed up in 37ms (0 runs, 66 tokens)
[Kokoro] Backend initialized successfully (kokoro-en)
引擎: Kokoro-TTS (kokoro-en)
采样率: 24000 Hz
说话人数: 1

--- iter 0 ---
合成中: "This is a spacemit k3 kokoro performance test."
采样率: 24000 Hz
时长: 3625 ms
处理时间: 4477 ms
RTF: 1.23503
已保存: /home/spacemit/projects/kokoro-tts/spacemit/case/model-zoo-k3/benchmark-20260825/en-a100-t8.wav
--- iter 1 ---
合成中: "This is a spacemit k3 kokoro performance test."
采样率: 24000 Hz
时长: 3625 ms
处理时间: 1231 ms
RTF: 0.339586
已保存: /home/spacemit/projects/kokoro-tts/spacemit/case/model-zoo-k3/benchmark-20260825/en-a100-t8.wav
--- iter 2 ---
合成中: "This is a spacemit k3 kokoro performance test."
采样率: 24000 Hz
时长: 3625 ms
处理时间: 1250 ms
RTF: 0.344828
已保存: /home/spacemit/projects/kokoro-tts/spacemit/case/model-zoo-k3/benchmark-20260825/en-a100-t8.wav
