-- The C compiler identification is GNU 15.2.0
-- The CXX compiler identification is GNU 15.2.0
-- Detecting C compiler ABI info
-- Detecting C compiler ABI info - done
-- Check for working C compiler: /usr/bin/cc - skipped
-- Detecting C compile features
-- Detecting C compile features - done
-- Detecting CXX compiler ABI info
-- Detecting CXX compiler ABI info - done
-- Check for working CXX compiler: /usr/bin/c++ - skipped
-- Detecting CXX compile features
-- Detecting CXX compile features - done
-- [kaldifst] Downloading OpenFst tarball from https://archive.spacemit.com/spacemit-ai/thirdparty/openfst-sherpa-onnx-2024-06-13.tar.gz
-- [download 1% complete]
-- [download 2% complete]
-- [download 3% complete]
-- [download 4% complete]
-- [download 6% complete]
-- [download 7% complete]
-- [download 8% complete]
-- [download 10% complete]
-- [download 11% complete]
-- [download 12% complete]
-- [download 13% complete]
-- [download 15% complete]
-- [download 16% complete]
-- [download 17% complete]
-- [download 19% complete]
-- [download 20% complete]
-- [download 21% complete]
-- [download 23% complete]
-- [download 24% complete]
-- [download 25% complete]
-- [download 27% complete]
-- [download 28% complete]
-- [download 29% complete]
-- [download 31% complete]
-- [download 32% complete]
-- [download 33% complete]
-- [download 35% complete]
-- [download 36% complete]
-- [download 37% complete]
-- [download 38% complete]
-- [download 40% complete]
-- [download 41% complete]
-- [download 42% complete]
-- [download 44% complete]
-- [download 45% complete]
-- [download 46% complete]
-- [download 48% complete]
-- [download 49% complete]
-- [download 50% complete]
-- [download 52% complete]
-- [download 53% complete]
-- [download 54% complete]
-- [download 56% complete]
-- [download 57% complete]
-- [download 58% complete]
-- [download 60% complete]
-- [download 61% complete]
-- [download 62% complete]
-- [download 64% complete]
-- [download 65% complete]
-- [download 66% complete]
-- [download 67% complete]
-- [download 69% complete]
-- [download 70% complete]
-- [download 71% complete]
-- [download 73% complete]
-- [download 74% complete]
-- [download 75% complete]
-- [download 77% complete]
-- [download 78% complete]
-- [download 79% complete]
-- [download 81% complete]
-- [download 82% complete]
-- [download 83% complete]
-- [download 85% complete]
-- [download 86% complete]
-- [download 87% complete]
-- [download 89% complete]
-- [download 90% complete]
-- [download 91% complete]
-- [download 92% complete]
-- [download 94% complete]
-- [download 95% complete]
-- [download 96% complete]
-- [download 98% complete]
-- [download 99% complete]
-- [download 100% complete]
-- No CMAKE_BUILD_TYPE given, default to Release
-- CMAKE_BUILD_TYPE: Release
-- CMAKE_BUILD_TYPE: Release
-- CMAKE_INSTALL_PREFIX: /usr/local
-- BUILD_SHARED_LIBS OFF
-- C++ Standard version: 17
-- CMAKE_CXX_FLAGS:
-- Downloading openfst from /home/spacemit/projects/kokoro-tts/spacemit/model-zoo-tts/build-k3/openfst-sherpa-onnx-2024-06-13.tar.gz
CMake Warning (dev) at /usr/share/cmake-4.2/Modules/FetchContent.cmake:1963 (message):
  Calling FetchContent_Populate(openfst) is deprecated, call
  FetchContent_MakeAvailable(openfst) instead.  Policy CMP0169 can be set to
  OLD to allow FetchContent_Populate(openfst) to be called directly for now,
  but the ability to call it with declared details will be removed completely
  in a future version.
Call Stack (most recent call first):
  /home/spacemit/.cache/thirdparty/kaldifst/cmake/openfst.cmake:67 (FetchContent_Populate)
  /home/spacemit/.cache/thirdparty/kaldifst/cmake/openfst.cmake:95 (download_openfst)
  /home/spacemit/.cache/thirdparty/kaldifst/CMakeLists.txt:94 (include)
This warning is for project developers.  Use -Wno-dev to suppress it.

-- openfst is downloaded to /home/spacemit/projects/kokoro-tts/spacemit/model-zoo-tts/build-k3/_deps/openfst-src
-- Failed to find all ICU components (missing: ICU_INCLUDE_DIR ICU_LIBRARY data i18n io test tu uc)
-- Found ZLIB: /usr/lib/riscv64-linux-gnu/libz.so (found version "1.3.1")
CMake Deprecation Warning at build-k3/_deps/openfst-src/CMakeLists.txt:15 (cmake_minimum_required):
  Compatibility with CMake < 3.10 will be removed from a future version of
  CMake.

  Update the VERSION argument <min> value.  Or, use the <min>...<max> syntax
  to tell CMake that the project requires at least <min> but has been updated
  to work with policies introduced by <max> or earlier.


-- [tts] Found ONNX Runtime via direct search:
--   Include: /usr/local/include
--   Lib: /usr/local/lib/libonnxruntime.so
-- [tts] SpaceMIT EP enabled: /usr/local/include, lib: /usr/local/lib/libspacemit_ep.so
-- [tts] tts_stream_demo disabled (BUILD_STREAM_DEMO=OFF)
-- [tts] Python found: /usr/bin/python3 (3.14.4)
-- [tts] Python bindings disabled (pybind11 not found)
--   Install pybind11: pip install pybind11
-- Configuring done (3.5s)
-- Generating done (0.1s)
-- Build files have been written to: /home/spacemit/projects/kokoro-tts/spacemit/model-zoo-tts/build-k3
[  1%] Building CXX object _deps/openfst-build/src/lib/CMakeFiles/fst.dir/compat.cc.o
[  1%] Building CXX object _deps/openfst-build/src/lib/CMakeFiles/fst.dir/flags.cc.o
[  5%] Building CXX object _deps/openfst-build/src/lib/CMakeFiles/fst.dir/properties.cc.o
[  5%] Building CXX object _deps/openfst-build/src/lib/CMakeFiles/fst.dir/fst.cc.o
[  7%] Building CXX object _deps/openfst-build/src/lib/CMakeFiles/fst.dir/symbol-table.cc.o
[  9%] Building CXX object _deps/openfst-build/src/lib/CMakeFiles/fst.dir/util.cc.o
In file included from /home/spacemit/projects/kokoro-tts/spacemit/model-zoo-tts/build-k3/_deps/openfst-src/src/./include/fst/accumulator.h:20,
                 from /home/spacemit/projects/kokoro-tts/spacemit/model-zoo-tts/build-k3/_deps/openfst-src/src/./include/fst/label-reachable.h:16,
                 from /home/spacemit/projects/kokoro-tts/spacemit/model-zoo-tts/build-k3/_deps/openfst-src/src/./include/fst/lookahead-matcher.h:20,
                 from /home/spacemit/projects/kokoro-tts/spacemit/model-zoo-tts/build-k3/_deps/openfst-src/src/./include/fst/matcher-fst.h:14,
                 from /home/spacemit/projects/kokoro-tts/spacemit/model-zoo-tts/build-k3/_deps/openfst-src/src/lib/fst.cc:17:
/home/spacemit/projects/kokoro-tts/spacemit/model-zoo-tts/build-k3/_deps/openfst-src/src/./include/fst/replace.h: In member function ‘bool fst::internal::ReplaceFstImpl<Arc, StateTable, CacheStore>::ComputeArc(const StateTuple&, const Arc&, Arc*, uint32)’:
/home/spacemit/projects/kokoro-tts/spacemit/model-zoo-tts/build-k3/_deps/openfst-src/src/./include/fst/replace.h:803:32: warning: expected ‘template’ keyword before dependent template name [-Wmissing-template-keyword]
  803 |     if (arc.olabel == 0 || arc.olabel < *nonterminal_set_.begin() ||
      |                                ^~~~~~
      |                                template
[ 11%] Building CXX object _deps/openfst-build/src/lib/CMakeFiles/fst.dir/symbol-table-ops.cc.o
[ 12%] Building CXX object _deps/openfst-build/src/lib/CMakeFiles/fst.dir/mapped-file.cc.o
[ 14%] Building CXX object _deps/openfst-build/src/lib/CMakeFiles/fst.dir/weight.cc.o
[ 16%] Linking CXX static library ../../../../lib/libkaldifst_fst.a
[ 16%] Built target fst
[ 20%] Building CXX object kaldifst-build/kaldifst/csrc/CMakeFiles/kaldifst_core.dir/context-fst.cc.o
[ 20%] Building CXX object kaldifst-build/kaldifst/csrc/CMakeFiles/kaldifst_core.dir/kaldi-holder.cc.o
[ 22%] Building CXX object kaldifst-build/kaldifst/csrc/CMakeFiles/kaldifst_core.dir/kaldi-fst-io.cc.o
[ 24%] Building CXX object kaldifst-build/kaldifst/csrc/CMakeFiles/kaldifst_core.dir/kaldi-io.cc.o
[ 25%] Building CXX object kaldifst-build/kaldifst/csrc/CMakeFiles/kaldifst_core.dir/kaldi-math.cc.o
[ 25%] Building CXX object kaldifst-build/kaldifst/csrc/CMakeFiles/kaldifst_core.dir/kaldi-semaphore.cc.o
In file included from /home/spacemit/projects/kokoro-tts/spacemit/model-zoo-tts/build-k3/_deps/openfst-src/src/include/fst/rational.h:15,
                 from /home/spacemit/projects/kokoro-tts/spacemit/model-zoo-tts/build-k3/_deps/openfst-src/src/include/fst/closure.h:13,
                 from /home/spacemit/projects/kokoro-tts/spacemit/model-zoo-tts/build-k3/_deps/openfst-src/src/include/fst/fstlib.h:41,
                 from /home/spacemit/.cache/thirdparty/kaldifst/kaldifst/csrc/context-fst.h:15,
                 from /home/spacemit/.cache/thirdparty/kaldifst/kaldifst/csrc/context-fst.cc:7:
/home/spacemit/projects/kokoro-tts/spacemit/model-zoo-tts/build-k3/_deps/openfst-src/src/include/fst/replace.h: In member function ‘bool fst::internal::ReplaceFstImpl<Arc, StateTable, CacheStore>::ComputeArc(const StateTuple&, const Arc&, Arc*, uint32)’:
/home/spacemit/projects/kokoro-tts/spacemit/model-zoo-tts/build-k3/_deps/openfst-src/src/include/fst/replace.h:803:32: warning: expected ‘template’ keyword before dependent template name [-Wmissing-template-keyword]
  803 |     if (arc.olabel == 0 || arc.olabel < *nonterminal_set_.begin() ||
      |                                ^~~~~~
      |                                template
In file included from /home/spacemit/projects/kokoro-tts/spacemit/model-zoo-tts/build-k3/_deps/openfst-src/src/include/fst/rational.h:15,
                 from /home/spacemit/projects/kokoro-tts/spacemit/model-zoo-tts/build-k3/_deps/openfst-src/src/include/fst/closure.h:13,
                 from /home/spacemit/projects/kokoro-tts/spacemit/model-zoo-tts/build-k3/_deps/openfst-src/src/include/fst/fstlib.h:41,
                 from /home/spacemit/projects/kokoro-tts/spacemit/model-zoo-tts/build-k3/_deps/openfst-src/src/include/fst/script/print-impl.h:14,
                 from /home/spacemit/projects/kokoro-tts/spacemit/model-zoo-tts/build-k3/_deps/openfst-src/src/include/fst/script/print.h:11,
                 from /home/spacemit/.cache/thirdparty/kaldifst/kaldifst/csrc/kaldi-fst-io-inl.h:19,
                 from /home/spacemit/.cache/thirdparty/kaldifst/kaldifst/csrc/kaldi-fst-io.h:148,
                 from /home/spacemit/.cache/thirdparty/kaldifst/kaldifst/csrc/kaldi-fst-io.cc:10:
/home/spacemit/projects/kokoro-tts/spacemit/model-zoo-tts/build-k3/_deps/openfst-src/src/include/fst/replace.h: In member function ‘bool fst::internal::ReplaceFstImpl<Arc, StateTable, CacheStore>::ComputeArc(const StateTuple&, const Arc&, Arc*, uint32)’:
/home/spacemit/projects/kokoro-tts/spacemit/model-zoo-tts/build-k3/_deps/openfst-src/src/include/fst/replace.h:803:32: warning: expected ‘template’ keyword before dependent template name [-Wmissing-template-keyword]
  803 |     if (arc.olabel == 0 || arc.olabel < *nonterminal_set_.begin() ||
      |                                ^~~~~~
      |                                template
[ 27%] Building CXX object kaldifst-build/kaldifst/csrc/CMakeFiles/kaldifst_core.dir/kaldi-table.cc.o
[ 29%] Building CXX object kaldifst-build/kaldifst/csrc/CMakeFiles/kaldifst_core.dir/parse-options.cc.o
[ 31%] Building CXX object kaldifst-build/kaldifst/csrc/CMakeFiles/kaldifst_core.dir/text-normalizer.cc.o
[ 33%] Building CXX object kaldifst-build/kaldifst/csrc/CMakeFiles/kaldifst_core.dir/text-utils.cc.o
In file included from /home/spacemit/projects/kokoro-tts/spacemit/model-zoo-tts/build-k3/_deps/openfst-src/src/include/fst/rational.h:15,
                 from /home/spacemit/projects/kokoro-tts/spacemit/model-zoo-tts/build-k3/_deps/openfst-src/src/include/fst/closure.h:13,
                 from /home/spacemit/projects/kokoro-tts/spacemit/model-zoo-tts/build-k3/_deps/openfst-src/src/include/fst/fstlib.h:41,
                 from /home/spacemit/.cache/thirdparty/kaldifst/kaldifst/csrc/text-normalizer.h:12,
                 from /home/spacemit/.cache/thirdparty/kaldifst/kaldifst/csrc/text-normalizer.cc:5:
/home/spacemit/projects/kokoro-tts/spacemit/model-zoo-tts/build-k3/_deps/openfst-src/src/include/fst/replace.h: In member function ‘bool fst::internal::ReplaceFstImpl<Arc, StateTable, CacheStore>::ComputeArc(const StateTuple&, const Arc&, Arc*, uint32)’:
/home/spacemit/projects/kokoro-tts/spacemit/model-zoo-tts/build-k3/_deps/openfst-src/src/include/fst/replace.h:803:32: warning: expected ‘template’ keyword before dependent template name [-Wmissing-template-keyword]
  803 |     if (arc.olabel == 0 || arc.olabel < *nonterminal_set_.begin() ||
      |                                ^~~~~~
      |                                template
[ 35%] Linking CXX static library ../../../lib/libkaldifst_core.a
[ 35%] Built target kaldifst_core
[ 38%] Building CXX object CMakeFiles/tts.dir/src/audio/audio_processor.cpp.o
[ 38%] Building CXX object CMakeFiles/tts.dir/src/tts_engine.cpp.o
[ 40%] Building CXX object CMakeFiles/tts.dir/src/tts_backend_factory.cpp.o
[ 42%] Building CXX object CMakeFiles/tts.dir/src/text/text_utils.cpp.o
[ 44%] Building CXX object CMakeFiles/tts.dir/src/text/number_utils.cpp.o
[ 46%] Building CXX object CMakeFiles/tts.dir/src/text/fst_normalizer.cpp.o
[ 48%] Building CXX object CMakeFiles/tts.dir/src/text/text_normalizer.cpp.o
[ 50%] Building CXX object CMakeFiles/tts.dir/src/text/token_utils.cpp.o
[ 51%] Building CXX object CMakeFiles/tts.dir/src/text/phoneme_utils.cpp.o
In file included from /home/spacemit/projects/kokoro-tts/spacemit/model-zoo-tts/build-k3/_deps/openfst-src/src/include/fst/rational.h:15,
                 from /home/spacemit/projects/kokoro-tts/spacemit/model-zoo-tts/build-k3/_deps/openfst-src/src/include/fst/closure.h:13,
                 from /home/spacemit/projects/kokoro-tts/spacemit/model-zoo-tts/build-k3/_deps/openfst-src/src/include/fst/fstlib.h:41,
                 from /home/spacemit/.cache/thirdparty/kaldifst/kaldifst/csrc/text-normalizer.h:12,
                 from /home/spacemit/projects/kokoro-tts/spacemit/model-zoo-tts/src/text/fst_normalizer.cpp:14:
/home/spacemit/projects/kokoro-tts/spacemit/model-zoo-tts/build-k3/_deps/openfst-src/src/include/fst/replace.h: In member function ‘bool fst::internal::ReplaceFstImpl<Arc, StateTable, CacheStore>::ComputeArc(const StateTuple&, const Arc&, Arc*, uint32)’:
/home/spacemit/projects/kokoro-tts/spacemit/model-zoo-tts/build-k3/_deps/openfst-src/src/include/fst/replace.h:803:32: warning: expected ‘template’ keyword before dependent template name [-Wmissing-template-keyword]
  803 |     if (arc.olabel == 0 || arc.olabel < *nonterminal_set_.begin() ||
      |                                ^~~~~~
      |                                template
[ 53%] Building CXX object CMakeFiles/tts.dir/src/vocoder/vocoder.cpp.o
[ 55%] Building CXX object CMakeFiles/tts.dir/src/backends/matcha/matcha_backend.cpp.o
[ 57%] Building CXX object CMakeFiles/tts.dir/src/backends/matcha/matcha_zh_backend.cpp.o
[ 59%] Building CXX object CMakeFiles/tts.dir/src/backends/matcha/matcha_en_backend.cpp.o
[ 61%] Building CXX object CMakeFiles/tts.dir/src/backends/matcha/matcha_zh_en_backend.cpp.o
[ 62%] Building CXX object CMakeFiles/tts.dir/src/backends/matcha/tts_model_downloader.cpp.o
[ 62%] Building CXX object CMakeFiles/tts.dir/src/backends/kokoro/kokoro_backend.cpp.o
[ 64%] Building CXX object CMakeFiles/tts.dir/src/backends/kokoro/kokoro_en_backend.cpp.o
[ 66%] Building CXX object CMakeFiles/tts.dir/src/backends/kokoro/kokoro_zh_backend.cpp.o
[ 68%] Building CXX object CMakeFiles/tts.dir/src/backends/kokoro/tone_sandhi.cpp.o
[ 70%] Building CXX object CMakeFiles/tts.dir/src/backends/kokoro/tone_sandhi_data.cpp.o
[ 72%] Building CXX object CMakeFiles/tts.dir/src/backends/kokoro/kokoro_phonemizer.cpp.o
[ 74%] Building CXX object CMakeFiles/tts.dir/src/backends/kokoro/kokoro_voice_manager.cpp.o
[ 75%] Building CXX object CMakeFiles/tts.dir/src/backends/kokoro/kokoro_model_downloader.cpp.o
[ 77%] Building CXX object CMakeFiles/tts.dir/src/tts_presets.cpp.o
[ 79%] Building CXX object CMakeFiles/tts.dir/home/spacemit/.cache/thirdparty/cpp-pinyin/src/ChineseG2p.cpp.o
[ 81%] Building CXX object CMakeFiles/tts.dir/home/spacemit/.cache/thirdparty/cpp-pinyin/src/DictUtil.cpp.o
[ 83%] Building CXX object CMakeFiles/tts.dir/home/spacemit/.cache/thirdparty/cpp-pinyin/src/G2pglobal.cpp.o
[ 85%] Building CXX object CMakeFiles/tts.dir/home/spacemit/.cache/thirdparty/cpp-pinyin/src/Pinyin.cpp.o
[ 87%] Building CXX object CMakeFiles/tts.dir/home/spacemit/.cache/thirdparty/cpp-pinyin/src/PinyinRes.cpp.o
[ 88%] Building CXX object CMakeFiles/tts.dir/home/spacemit/.cache/thirdparty/cpp-pinyin/src/ToneConverter.cpp.o
[ 90%] Building CXX object CMakeFiles/tts.dir/home/spacemit/.cache/thirdparty/cpp-pinyin/src/U16Str.cpp.o
[ 92%] Building CXX object CMakeFiles/tts.dir/home/spacemit/.cache/thirdparty/cpp-pinyin/src/toneUtil/ManTone.cpp.o
[ 94%] Building CXX object CMakeFiles/tts.dir/home/spacemit/.cache/thirdparty/cpp-pinyin/src/toneUtil/ManToneUtil.cpp.o
[ 96%] Linking CXX static library libtts.a
[ 96%] Built target tts
[ 98%] Building CXX object CMakeFiles/tts_file_demo.dir/examples/tts_file_demo.cpp.o
[100%] Linking CXX executable bin/tts_file_demo
[100%] Built target tts_file_demo
