初始化 TTS 引擎 (kokoro:zh)...
[Kokoro] All required files for zh are ready in /home/spacemit/projects/kokoro-tts/spacemit/model-zoo-tts/.case-home/.cache/models/tts/kokoro-tts/kokoro-v1.1-zh
[KokoroVoiceManager] Loaded voice: /home/spacemit/projects/kokoro-tts/spacemit/model-zoo-tts/.case-home/.cache/models/tts/kokoro-tts/kokoro-v1.1-zh/voices/zf_001.npy (510 style vectors)
[Kokoro] SpaceMIT EP initialized (ep_threads=8)
[Kokoro] Provider: spacemit
[0;93m2026-08-25 17:43:17.849225912 [W:onnxruntime:KokoroBackend, compiler_depend.ts:330 IsNodeSupported] operator /F0.1/upsample/Resize [Resize] has been disabled.[m
[0;93m2026-08-25 17:43:17.849705386 [W:onnxruntime:KokoroBackend, compiler_depend.ts:330 IsNodeSupported] operator /decoder/generator/f0_upsamp/Resize [Resize] has been disabled.[m
[0;93m2026-08-25 17:43:17.850044701 [W:onnxruntime:KokoroBackend, compiler_depend.ts:330 IsNodeSupported] operator /decoder/generator/m_source/l_sin_gen/Resize [Resize] has been disabled.[m
[0;93m2026-08-25 17:43:17.850140446 [W:onnxruntime:KokoroBackend, compiler_depend.ts:330 IsNodeSupported] operator /decoder/generator/m_source/l_sin_gen/Resize_1 [Resize] has been disabled.[m
[0;93m2026-08-25 17:43:17.850378392 [W:onnxruntime:KokoroBackend, compiler_depend.ts:330 IsNodeSupported] operator /decoder/generator/Conv_1 [Conv] has been disabled.[m
[0;93m2026-08-25 17:43:17.850405015 [W:onnxruntime:KokoroBackend, compiler_depend.ts:330 IsNodeSupported] operator /decoder/generator/Conv [Conv] has been disabled.[m
[0;93m2026-08-25 17:43:17.852696849 [W:onnxruntime:KokoroBackend, compiler_depend.ts:330 IsNodeSupported] operator /N.1/upsample/Resize [Resize] has been disabled.[m
[0;93m2026-08-25 17:43:17.856677092 [W:onnxruntime:KokoroBackend, compiler_depend.ts:330 IsNodeSupported] operator /decoder/decode.3/upsample/Resize [Resize] has been disabled.[m
[0;93m2026-08-25 17:43:17.867909774 [W:onnxruntime:KokoroBackend, compiler_depend.ts:330 IsNodeSupported] operator /decoder/generator/conv_post/Conv [Conv] has been disabled.[m
[0;93m2026-08-25 17:43:17.868160844 [W:onnxruntime:KokoroBackend, compiler_depend.ts:330 IsNodeSupported] operator /decoder/generator/ConvTranspose_1 [ConvTranspose] has been disabled.[m
[0;93m2026-08-25 17:43:17.868312586 [W:onnxruntime:KokoroBackend, compiler_depend.ts:330 IsNodeSupported] operator /decoder/generator/ConvTranspose [ConvTranspose] has been disabled.[m
[0;93m2026-08-25 17:43:18.030304051 [W:onnxruntime:KokoroBackend, compiler_depend.ts:330 IsNodeSupported] operator /F0.1/upsample/Resize [Resize] has been disabled.[m
[0;93m2026-08-25 17:43:18.031397450 [W:onnxruntime:KokoroBackend, compiler_depend.ts:330 IsNodeSupported] operator /N.1/upsample/Resize [Resize] has been disabled.[m
[0;93m2026-08-25 17:43:18.033584832 [W:onnxruntime:KokoroBackend, compiler_depend.ts:330 IsNodeSupported] operator /decoder/decode.3/upsample/Resize [Resize] has been disabled.[m
[0;93m2026-08-25 17:43:18.034182133 [W:onnxruntime:KokoroBackend, compiler_depend.ts:330 IsNodeSupported] operator /decoder/generator/f0_upsamp/Resize [Resize] has been disabled.[m
[0;93m2026-08-25 17:43:18.034610151 [W:onnxruntime:KokoroBackend, compiler_depend.ts:330 IsNodeSupported] operator /decoder/generator/m_source/l_sin_gen/Resize [Resize] has been disabled.[m
[0;93m2026-08-25 17:43:18.034731311 [W:onnxruntime:KokoroBackend, compiler_depend.ts:330 IsNodeSupported] operator /decoder/generator/m_source/l_sin_gen/Resize_1 [Resize] has been disabled.[m
[0;93m2026-08-25 17:43:18.035058210 [W:onnxruntime:KokoroBackend, compiler_depend.ts:330 IsNodeSupported] operator /decoder/generator/Conv_1 [Conv] has been disabled.[m
[0;93m2026-08-25 17:43:18.035084042 [W:onnxruntime:KokoroBackend, compiler_depend.ts:330 IsNodeSupported] operator /decoder/generator/Conv [Conv] has been disabled.[m
[0;93m2026-08-25 17:43:18.045417232 [W:onnxruntime:KokoroBackend, compiler_depend.ts:330 IsNodeSupported] operator /decoder/generator/conv_post/Conv [Conv] has been disabled.[m
[0;93m2026-08-25 17:43:18.045662469 [W:onnxruntime:KokoroBackend, compiler_depend.ts:330 IsNodeSupported] operator /decoder/generator/ConvTranspose_1 [ConvTranspose] has been disabled.[m
[0;93m2026-08-25 17:43:18.045816794 [W:onnxruntime:KokoroBackend, compiler_depend.ts:330 IsNodeSupported] operator /decoder/generator/ConvTranspose [ConvTranspose] has been disabled.[m
[KokoroZh] Loaded 172 tokenizer entries from /home/spacemit/projects/kokoro-tts/spacemit/model-zoo-tts/.case-home/.cache/models/tts/kokoro-tts/kokoro-v1.1-zh/tokenizer.json
[KokoroZh] Using cpp-pinyin dictionary at: /home/spacemit/projects/kokoro-tts/spacemit/model-zoo-tts/.case-home/.cache/thirdparty/cpp-pinyin/res/dict
[KokoroPhonemizer] Using cpp-pinyin dictionary at: /home/spacemit/projects/kokoro-tts/spacemit/model-zoo-tts/.case-home/.cache/thirdparty/cpp-pinyin/res/dict
[KokoroPhonemizer] cpp-pinyin initialized successfully.
[KokoroPhonemizer] espeak-ng detected, English support enabled.
[KokoroPhonemizer] English lexicon: gold=90201 silver=93361
[Kokoro] Warming up model...
[Kokoro] Model warmed up in 4147ms (1 runs, 63 tokens)
[Kokoro] Backend initialized successfully (kokoro-zh)
引擎: Kokoro-TTS (kokoro-zh)
采样率: 24000 Hz
说话人数: 1

合成中: "这是一个语音合成测试"
采样率: 24000 Hz
时长: 3025 ms
处理时间: 891 ms
RTF: 0.294545
已保存: final-repo-zh.wav
